// Jest Snapshot v1, https://goo.gl/fbAQLP

exports[`Test <SelectElement>: ToMatchSnapshot BlogListItem component 1`] = `
<div
  className="MuiFormControl-root makeStyles-formControl-1 MuiFormControl-marginNormal"
>
  <label
    className="MuiFormLabel-root MuiInputLabel-root MuiInputLabel-formControl MuiInputLabel-animated MuiInputLabel-outlined"
    data-shrink={false}
    id="select-city-label"
  >
    Выберите город
  </label>
  <div
    className="MuiInputBase-root MuiOutlinedInput-root MuiInputBase-formControl"
    onClick={[Function]}
  >
    <div
      aria-haspopup="listbox"
      aria-labelledby="select-city-label select-city-outlined"
      className="MuiSelect-root MuiSelect-select MuiSelect-selectMenu MuiSelect-outlined MuiInputBase-input MuiOutlinedInput-input"
      id="select-city-outlined"
      onBlur={[Function]}
      onFocus={[Function]}
      onKeyDown={[Function]}
      onMouseDown={[Function]}
      role="button"
      tabIndex={0}
    >
      <span
        dangerouslySetInnerHTML={
          Object {
            "__html": "&#8203;",
          }
        }
      />
    </div>
    <input
      aria-hidden={true}
      className="MuiSelect-nativeInput"
      onAnimationStart={[Function]}
      onChange={[Function]}
      required={false}
      tabIndex={-1}
      value=""
    />
    <svg
      aria-hidden={true}
      className="MuiSvgIcon-root MuiSelect-icon MuiSelect-iconOutlined"
      focusable="false"
      viewBox="0 0 24 24"
    >
      <path
        d="M7 10l5 5 5-5z"
      />
    </svg>
    <fieldset
      aria-hidden={true}
      className="PrivateNotchedOutline-root-3 MuiOutlinedInput-notchedOutline"
    >
      <legend
        className="PrivateNotchedOutline-legendLabelled-5"
      >
        <span>
          Выберите город
        </span>
      </legend>
    </fieldset>
  </div>
</div>
`;
