// Jest Snapshot v1, https://goo.gl/fbAQLP

exports[`Test <DateTimePickers> ToMatchSnapshot DateTimePickers with default date 1`] = `
Array [
  <legend
    className="MuiFormLabel-root makeStyles-label-2"
  >
    Укажите дату и время:
  </legend>,
  <div
    className="MuiGrid-root makeStyles-time-1 MuiGrid-item MuiGrid-grid-xs-12"
  >
    <div
      className="MuiGrid-root MuiGrid-item MuiGrid-grid-xs-12 MuiGrid-grid-sm-6"
    >
      <div
        className="makeStyles-container-3"
      >
        <div
          className="MuiFormControl-root MuiTextField-root makeStyles-textField-4"
        >
          <label
            className="MuiFormLabel-root MuiInputLabel-root MuiInputLabel-formControl MuiInputLabel-animated MuiInputLabel-shrink MuiFormLabel-filled"
            data-shrink={true}
            htmlFor="date"
            id="date-label"
          >
            Дата:
          </label>
          <div
            className="MuiInputBase-root MuiInput-root MuiInput-underline MuiInputBase-formControl MuiInput-formControl"
            onClick={[Function]}
          >
            <input
              aria-invalid={false}
              autoFocus={false}
              className="MuiInputBase-input MuiInput-input"
              defaultValue="2021-03-10"
              disabled={false}
              id="date"
              onAnimationStart={[Function]}
              onBlur={[Function]}
              onChange={[Function]}
              onFocus={[Function]}
              required={false}
              type="date"
            />
          </div>
        </div>
      </div>
    </div>
    <div
      className="MuiGrid-root MuiGrid-item MuiGrid-grid-xs-12 MuiGrid-grid-sm-6"
    >
      <div
        className="makeStyles-container-5"
      >
        <div
          className="MuiFormControl-root MuiTextField-root makeStyles-textField-6"
        >
          <label
            className="MuiFormLabel-root MuiInputLabel-root MuiInputLabel-formControl MuiInputLabel-animated MuiInputLabel-shrink MuiFormLabel-filled"
            data-shrink={true}
            htmlFor="time"
            id="time-label"
          >
            Время:
          </label>
          <div
            className="MuiInputBase-root MuiInput-root MuiInput-underline MuiInputBase-formControl MuiInput-formControl"
            onClick={[Function]}
          >
            <input
              aria-invalid={false}
              autoFocus={false}
              className="MuiInputBase-input MuiInput-input"
              defaultValue="16:00"
              disabled={false}
              id="time"
              onAnimationStart={[Function]}
              onBlur={[Function]}
              onChange={[Function]}
              onFocus={[Function]}
              required={false}
              step={3600}
              type="time"
            />
          </div>
        </div>
      </div>
    </div>
  </div>,
]
`;
